[backblue.gif]
[fade.gif]
[index.html]
[intranet.tatanykshipping.com/App_Themes/Default/Images/favicon.ico]
[intranet.tatanykshipping.com/Scripts/jquery.min.js]
[intranet.tatanykshipping.com/App_Themes/Default/Images/tata-nyk.png]
[intranet.tatanykshipping.com/index.html]
[intranet.tatanykshipping.com/App_Themes/Default/images/icons/go-home-2.ico]
[intranet.tatanykshipping.com/App_Themes/Default/images/icons/arrow_back.png]
[intranet.tatanykshipping.com/App_Themes/Default/images/icons/user_green.png]
[intranet.tatanykshipping.com/App_Themes/Default/images/icons/go-home-5.ico]
[intranet.tatanykshipping.com/App_Themes/Default/images/icons/magnifier.png]
[intranet.tatanykshipping.com/App_Themes/Default/images/icons/mail-message-reply.ico]
[intranet.tatanykshipping.com/App_Themes/Default/images/icons/add.png]
[intranet.tatanykshipping.com/App_Themes/Default/images/icons/view-list-multicolumn-4.ico]
[intranet.tatanykshipping.com/App_Themes/Default/images/icons/update_shpnetdata.png]
[intranet.tatanykshipping.com/App_Themes/Default/images/icons/change_password.png]
[intranet.tatanykshipping.com/App_Themes/Default/images/icons/logout.png]
[intranet.tatanykshipping.com/App_Themes/Default/images/icons/unassigned.ico]
[intranet.tatanykshipping.com/App_Themes/Default/images/icons/user-green.ico]
[intranet.tatanykshipping.com/App_Themes/Default/Admin.css]
[intranet.tatanykshipping.com/App_Themes/Default/images/bubble-white.png]
[intranet.tatanykshipping.com/App_Themes/Default/images/bubble-yellow.png]
[intranet.tatanykshipping.com/App_Themes/Default/images/bubble-blue.png]
[intranet.tatanykshipping.com/App_Themes/Default/chat-message.css]
[intranet.tatanykshipping.com/App_Themes/Default/chosen.css]
[intranet.tatanykshipping.com/App_Themes/Default/confirm.popup.css]
[intranet.tatanykshipping.com/App_Themes/Default/images/icons/success.png]
[intranet.tatanykshipping.com/App_Themes/Default/images/icons/warning.png]
[intranet.tatanykshipping.com/App_Themes/Default/images/icons/error.png]
[intranet.tatanykshipping.com/App_Themes/Default/images/icons/notice.png]
[intranet.tatanykshipping.com/App_Themes/Default/images/icons/dialog-warning.ico]
[intranet.tatanykshipping.com/App_Themes/Default/images/table-header-bg.jpg]
[intranet.tatanykshipping.com/App_Themes/Default/images/bg-lite.png]
[intranet.tatanykshipping.com/App_Themes/Default/images/tab_active.gif]
[intranet.tatanykshipping.com/App_Themes/Default/images/tab_left_active.gif]
[intranet.tatanykshipping.com/App_Themes/Default/images/tab_right_active.gif]
[intranet.tatanykshipping.com/App_Themes/Default/images/tab_hover.gif]
[intranet.tatanykshipping.com/App_Themes/Default/images/tab_left_hover.gif]
[intranet.tatanykshipping.com/App_Themes/Default/images/tab_right_hover.gif]
[intranet.tatanykshipping.com/App_Themes/Default/images/tab_Inactive.gif]
[intranet.tatanykshipping.com/App_Themes/Default/images/tab_left_inactive.gif]
[intranet.tatanykshipping.com/App_Themes/Default/images/tab_right_inactive.gif]
[intranet.tatanykshipping.com/App_Themes/Default/Controls.css]
[intranet.tatanykshipping.com/App_Themes/Default/fullcalendar.css]
[intranet.tatanykshipping.com/App_Themes/Default/fullcalendar.print.css]
[intranet.tatanykshipping.com/App_Themes/Default/it-support-survey.css]
[intranet.tatanykshipping.com/App_Themes/Default/jquery-ui.css]
[intranet.tatanykshipping.com/App_Themes/Default/jquery-ui.min.css]
[intranet.tatanykshipping.com/App_Themes/Default/jquery-ui-1.8.19.custom.css]
[intranet.tatanykshipping.com/App_Themes/Default/MultiSelectDropdown/chosen-sprite.png]
[intranet.tatanykshipping.com/App_Themes/Default/MultiSelectDropdown/chosen.css]
[intranet.tatanykshipping.com/App_Themes/Default/project-wizard-header.css]
[intranet.tatanykshipping.com/App_Themes/Default/images/bg3.png]
[intranet.tatanykshipping.com/App_Themes/Default/images/hdr.png]
[intranet.tatanykshipping.com/App_Themes/Default/images/hdrl.gif]
[intranet.tatanykshipping.com/App_Themes/Default/images/hdrr.gif]
[intranet.tatanykshipping.com/App_Themes/Default/images/nsp.gif]
[intranet.tatanykshipping.com/App_Themes/Default/images/mbg.png]
[intranet.tatanykshipping.com/App_Themes/Default/images/bnd.gif]
[intranet.tatanykshipping.com/App_Themes/Default/images/bendl.gif]
[intranet.tatanykshipping.com/App_Themes/Default/images/bendr.gif]
[intranet.tatanykshipping.com/App_Themes/Default/images/bhead.gif]
[intranet.tatanykshipping.com/App_Themes/Default/images/bheadl.gif]
[intranet.tatanykshipping.com/App_Themes/Default/images/bheadr.gif]
[intranet.tatanykshipping.com/App_Themes/Default/images/phs.gif]
[intranet.tatanykshipping.com/App_Themes/Default/images/srch.gif]
[intranet.tatanykshipping.com/App_Themes/Default/images/li.gif]
[intranet.tatanykshipping.com/App_Themes/Default/images/icons/close.png]
[intranet.tatanykshipping.com/App_Themes/Default/images/cal.jpg]
[intranet.tatanykshipping.com/App_Themes/Default/images/sdd.jpg]
[intranet.tatanykshipping.com/App_Themes/Default/images/sdd_.jpg]
[intranet.tatanykshipping.com/App_Themes/Default/images/btns.gif]
[intranet.tatanykshipping.com/App_Themes/Default/images/btns_.gif]
[intranet.tatanykshipping.com/App_Themes/Default/images/tiny.gif]
[intranet.tatanykshipping.com/App_Themes/Default/images/tiny_.gif]
[intranet.tatanykshipping.com/App_Themes/Default/images/btnm.gif]
[intranet.tatanykshipping.com/App_Themes/Default/images/btnm_.gif]
[intranet.tatanykshipping.com/App_Themes/Default/images/btnb.gif]
[intranet.tatanykshipping.com/App_Themes/Default/images/btnb_.gif]
[intranet.tatanykshipping.com/App_Themes/Default/images/bendsb.gif]
[intranet.tatanykshipping.com/App_Themes/Default/images/sidebar.gif]
[intranet.tatanykshipping.com/App_Themes/Default/images/imgo.gif]
[intranet.tatanykshipping.com/App_Themes/Default/images/ft.gif]
[intranet.tatanykshipping.com/App_Themes/Default/images/lga_spr.png]
[intranet.tatanykshipping.com/App_Themes/Default/images/error_ico.png]
[intranet.tatanykshipping.com/App_Themes/Default/images/info_ico.png]
[intranet.tatanykshipping.com/App_Themes/Default/images/ok_ico.png]
[intranet.tatanykshipping.com/App_Themes/Default/images/alert_ico.png]
[intranet.tatanykshipping.com/App_Themes/Default/images/BottomArrow.png]
[intranet.tatanykshipping.com/App_Themes/Default/images/UpArrow.png]
[intranet.tatanykshipping.com/App_Themes/Default/images/PIE.htc]
[intranet.tatanykshipping.com/App_Themes/Default/images/dashboard-module.gif]
[intranet.tatanykshipping.com/App_Themes/Default/images/roll_image.png]
[intranet.tatanykshipping.com/App_Themes/Default/Images/check-box.gif]
[intranet.tatanykshipping.com/App_Themes/Default/Images/check-box-Selected.gif]
[intranet.tatanykshipping.com/App_Themes/Default/Images/line-arrow.png]
[intranet.tatanykshipping.com/App_Themes/Default/Images/PIE-2.htc]
[intranet.tatanykshipping.com/App_Themes/Default/Images/line-arrow-big.png]
[intranet.tatanykshipping.com/App_Themes/Default/Style.css]
[intranet.tatanykshipping.com/App_Themes/Default/StyleSheet.css]
[intranet.tatanykshipping.com/App_Themes/Default/images/green_bg_Tab.gif]
[intranet.tatanykshipping.com/App_Themes/Default/images/green_left_Tab.gif]
[intranet.tatanykshipping.com/App_Themes/Default/images/green_right_Tab.gif]
[intranet.tatanykshipping.com/App_Themes/Default/Tab.css]
[intranet.tatanykshipping.com/WebResourcea1c9.js]
[intranet.tatanykshipping.com/WebResourcea165.js]
[intranet.tatanykshipping.com/ForgotPassword.html]
[intranet.tatanykshipping.com/App_Themes/Default/images/bg_blue.html]
[intranet.tatanykshipping.com/App_Themes/Default/images/border.html]
[intranet.tatanykshipping.com/App_Themes/Default/images/icons/user_add.html]
[intranet.tatanykshipping.com/App_Themes/Default/images/icons/group.html]
[intranet.tatanykshipping.com/App_Themes/Default/images/icons/group_gear.html]
[intranet.tatanykshipping.com/App_Themes/Default/images/icons/cog.html]
[intranet.tatanykshipping.com/App_Themes/Default/images/icons/folder.html]
[intranet.tatanykshipping.com/App_Themes/Default/images/icons/user_edit.html]
[intranet.tatanykshipping.com/App_Themes/Default/images/icons/application_view_columns.html]
[intranet.tatanykshipping.com/App_Themes/Default/images/icons/page_white_magnify.html]
[intranet.tatanykshipping.com/App_Themes/Default/images/icons/arrow_top.html]
[intranet.tatanykshipping.com/App_Themes/Default/images/icons/arrow_next.html]
[intranet.tatanykshipping.com/App_Themes/Default/images/icons/coins.html]
[intranet.tatanykshipping.com/App_Themes/Default/images/icons/cart.html]
[intranet.tatanykshipping.com/App_Themes/Default/images/icons/page_white_camera.html]
[intranet.tatanykshipping.com/App_Themes/Default/images/icons/report.html]
[intranet.tatanykshipping.com/App_Themes/Default/images/icons/page_find.html]
[intranet.tatanykshipping.com/App_Themes/Default/images/icons/email.html]
[intranet.tatanykshipping.com/App_Themes/Default/images/icons/statistics.html]
[intranet.tatanykshipping.com/App_Themes/Default/images/icons/document_move.html]
[intranet.tatanykshipping.com/App_Themes/Default/images/icons/coins_in_hand.html]
[intranet.tatanykshipping.com/App_Themes/Default/images/icons/ms_exchange.html]
[intranet.tatanykshipping.com/App_Themes/Default/images/icons/images.html]
[intranet.tatanykshipping.com/App_Themes/Default/images/icons/account_balances.html]
[intranet.tatanykshipping.com/App_Themes/Default/images/icons/image_add.html]
[intranet.tatanykshipping.com/App_Themes/Default/images/icons/download.html]
[intranet.tatanykshipping.com/App_Themes/Default/images/icons/axislogo.html]
[intranet.tatanykshipping.com/App_Themes/Default/images/icons/events.html]
[intranet.tatanykshipping.com/App_Themes/Default/images/icons/question.html]
[intranet.tatanykshipping.com/App_Themes/Default/images/icons/wishlist_add.html]
[intranet.tatanykshipping.com/App_Themes/Default/images/icons/card_back.html]
[intranet.tatanykshipping.com/App_Themes/Default/images/icons/books.html]
[intranet.tatanykshipping.com/App_Themes/Default/images/icons/education.html]
[intranet.tatanykshipping.com/App_Themes/Default/images/icons/hand.html]
[intranet.tatanykshipping.com/App_Themes/Default/images/icons/attributes_display.html]
[intranet.tatanykshipping.com/App_Themes/Default/images/icons/application_edit.html]
[intranet.tatanykshipping.com/App_Themes/Default/images/icons/setting_tools.html]
[intranet.tatanykshipping.com/App_Themes/Default/bgimg.html]
[intranet.tatanykshipping.com/chosen-sprite.html]
[intranet.tatanykshipping.com/App_Themes/Default/chosen-sprite.html]
[intranet.tatanykshipping.com/chosen-sprite@2x.html]
[intranet.tatanykshipping.com/App_Themes/Default/images/ui-bg_highlight-hard_100_f2f5f7_1x100.html]
[intranet.tatanykshipping.com/App_Themes/Default/images/ui-bg_highlight-soft_100_deedf7_1x100.html]
[intranet.tatanykshipping.com/App_Themes/Default/images/animated-overlay.html]
[intranet.tatanykshipping.com/App_Themes/Default/images/ui-bg_glass_80_d7ebf9_1x400.html]
[intranet.tatanykshipping.com/App_Themes/Default/images/ui-bg_glass_100_e4f1fb_1x400.html]
[intranet.tatanykshipping.com/App_Themes/Default/images/ui-bg_glass_50_3baae3_1x400.html]
[intranet.tatanykshipping.com/App_Themes/Default/images/ui-bg_highlight-soft_25_ffef8f_1x100.html]
[intranet.tatanykshipping.com/App_Themes/Default/images/ui-bg_flat_15_cd0a0a_40x100.html]
[intranet.tatanykshipping.com/App_Themes/Default/images/ui-icons_72a7cf_256x240.html]
[intranet.tatanykshipping.com/App_Themes/Default/images/ui-icons_3d80b3_256x240.html]
[intranet.tatanykshipping.com/App_Themes/Default/images/ui-icons_2694e8_256x240.html]
[intranet.tatanykshipping.com/App_Themes/Default/images/ui-icons_ffffff_256x240.html]
[intranet.tatanykshipping.com/App_Themes/Default/images/ui-icons_2e83ff_256x240.html]
[intranet.tatanykshipping.com/App_Themes/Default/images/ui-bg_diagonals-thick_90_eeeeee_40x40.html]
[intranet.tatanykshipping.com/App_Themes/Default/images/ui-bg_highlight-hard_70_000000_1x100.html]
[intranet.tatanykshipping.com/App_Themes/Default/images/ui-bg_highlight-soft_100_eeeeee_1x100.html]
[intranet.tatanykshipping.com/App_Themes/Default/images/ui-bg_gloss-wave_35_f6a828_500x100.html]
[intranet.tatanykshipping.com/App_Themes/Default/images/ui-bg_glass_100_f6f6f6_1x400.html]
[intranet.tatanykshipping.com/App_Themes/Default/images/ui-bg_glass_100_fdf5ce_1x400.html]
[intranet.tatanykshipping.com/App_Themes/Default/images/ui-bg_glass_65_ffffff_1x400.html]
[intranet.tatanykshipping.com/App_Themes/Default/images/ui-bg_highlight-soft_75_ffe45c_1x100.html]
[intranet.tatanykshipping.com/App_Themes/Default/images/ui-bg_diagonals-thick_18_b81900_40x40.html]
[intranet.tatanykshipping.com/App_Themes/Default/images/ui-icons_222222_256x240.html]
[intranet.tatanykshipping.com/App_Themes/Default/images/ui-icons_ef8c08_256x240.html]
[intranet.tatanykshipping.com/App_Themes/Default/images/ui-icons_228ef1_256x240.html]
[intranet.tatanykshipping.com/App_Themes/Default/images/ui-icons_ffd27a_256x240.html]
[intranet.tatanykshipping.com/App_Themes/Default/images/ui-bg_diagonals-thick_20_666666_40x40.html]
[intranet.tatanykshipping.com/App_Themes/Default/images/ui-bg_flat_10_000000_40x100.html]
[intranet.tatanykshipping.com/App_Themes/Default/MultiSelectDropdown/chosen-sprite@2x.html]
[intranet.tatanykshipping.com/App_Themes/Default/images/srch_.html]
[intranet.tatanykshipping.com/App_Themes/Default/images/sortd.html]
[intranet.tatanykshipping.com/App_Themes/Default/images/sorta.html]
[intranet.tatanykshipping.com/App_Themes/Default/images/ajax-loader.html]
[intranet.tatanykshipping.com/App_Themes/Default/images/imgt.html]
[intranet.tatanykshipping.com/App_Themes/Default/images/imgb.html]
[intranet.tatanykshipping.com/App_Themes/Default/none.html]
[intranet.tatanykshipping.com/POST.html]
